in_source: |-
  IOVALUE:
    WORD 0

  BEGIN:  ; input(len(username)
      IN
      LD IOVALUE
      ST USERLEN
      POP
      LD #USERMSG
      ST PTR
      POP
  
  INPUTLOOP:  ; input(username)
      INC
      LD USERLEN
      SWAP
      BLT     ; прошли заданное количество символов?
      JUMP OUTPUT1
      IN
      LD IOVALUE
      ST [PTR]+
      POP
      JUMP INPUTLOOP
  
  OUTPUT1:
      CLA
      LD #HELLOMSG
      ST PTR
      POP
  OUTPUTLOOP1:
      INC
      LD HELLOLEN
      SWAP
      BLT     ; прошли заданное количество символов?
      JUMP OUTPUT2
      DUP
      LD [PTR]+
      ST IOVALUE
      OUT
      POP
      POP
      JUMP OUTPUTLOOP1
  
  OUTPUT2:
      CLA
      LD #USERMSG
      ST PTR
      POP
  OUTPUTLOOP2:
      INC
      LD USERLEN
      SWAP
      BLT     ; прошли заданное количество символов?
      JUMP END
      DUP
      LD [PTR]+
      ST IOVALUE
      OUT
      POP
      POP
      JUMP OUTPUTLOOP2
  
  END:
      LD #33
      ST IOVALUE
      OUT
      HLT
  
  PTR:
      WORD 0
  HELLOLEN:
      WORD 7
  HELLOMSG:
      WORD 72
      WORD 101
      WORD 108
      WORD 108
      WORD 111
      WORD 44
      WORD 32
  USERLEN:
      WORD 0
  USERMSG:
      WORD 0
in_stdin: |-
 [[3, "N"], [5, "i"], [10, "k"], [11, "i"], [13, "t"], [14, "k"], [15, "a"], [20, "\u0000"]]
out_code: |-
  [
      {
          "index": 0,
          "opcode": "NOP",
          "arg": 0,
          "addressing": 0
      },
      {
          "index": 1,
          "opcode": "IN",
          "arg": null,
          "addressing": 5
      },
      {
          "index": 2,
          "opcode": "LD",
          "arg": "0",
          "addressing": 0
      },
      {
          "index": 3,
          "opcode": "ST",
          "arg": "60",
          "addressing": 0
      },
      {
          "index": 4,
          "opcode": "POP",
          "arg": null,
          "addressing": 5
      },
      {
          "index": 5,
          "opcode": "LD",
          "arg": "61",
          "addressing": 2
      },
      {
          "index": 6,
          "opcode": "ST",
          "arg": "51",
          "addressing": 0
      },
      {
          "index": 7,
          "opcode": "POP",
          "arg": null,
          "addressing": 5
      },
      {
          "index": 8,
          "opcode": "LD",
          "arg": "60",
          "addressing": 0
      },
      {
          "index": 9,
          "opcode": "SWAP",
          "arg": null,
          "addressing": 5
      },
      {
          "index": 10,
          "opcode": "BLT",
          "arg": null,
          "addressing": 5
      },
      {
          "index": 11,
          "opcode": "JUMP",
          "arg": "18",
          "addressing": 0
      },
      {
          "index": 12,
          "opcode": "IN",
          "arg": null,
          "addressing": 5
      },
      {
          "index": 13,
          "opcode": "LD",
          "arg": "0",
          "addressing": 0
      },
      {
          "index": 14,
          "opcode": "ST",
          "arg": "51",
          "addressing": 3
      },
      {
          "index": 15,
          "opcode": "POP",
          "arg": null,
          "addressing": 5
      },
      {
          "index": 16,
          "opcode": "INC",
          "arg": null,
          "addressing": 5
      },
      {
          "index": 17,
          "opcode": "JUMP",
          "arg": "8",
          "addressing": 0
      },
      {
          "index": 18,
          "opcode": "CLA",
          "arg": null,
          "addressing": 5
      },
      {
          "index": 19,
          "opcode": "LD",
          "arg": "53",
          "addressing": 2
      },
      {
          "index": 20,
          "opcode": "ST",
          "arg": "51",
          "addressing": 0
      },
      {
          "index": 21,
          "opcode": "POP",
          "arg": null,
          "addressing": 5
      },
      {
          "index": 22,
          "opcode": "INC",
          "arg": null,
          "addressing": 5
      },
      {
          "index": 23,
          "opcode": "LD",
          "arg": "52",
          "addressing": 0
      },
      {
          "index": 24,
          "opcode": "SWAP",
          "arg": null,
          "addressing": 5
      },
      {
          "index": 25,
          "opcode": "BLT",
          "arg": null,
          "addressing": 5
      },
      {
          "index": 26,
          "opcode": "JUMP",
          "arg": "34",
          "addressing": 0
      },
      {
          "index": 27,
          "opcode": "DUP",
          "arg": null,
          "addressing": 5
      },
      {
          "index": 28,
          "opcode": "LD",
          "arg": "51",
          "addressing": 3
      },
      {
          "index": 29,
          "opcode": "ST",
          "arg": "0",
          "addressing": 0
      },
      {
          "index": 30,
          "opcode": "OUT",
          "arg": null,
          "addressing": 5
      },
      {
          "index": 31,
          "opcode": "POP",
          "arg": null,
          "addressing": 5
      },
      {
          "index": 32,
          "opcode": "POP",
          "arg": null,
          "addressing": 5
      },
      {
          "index": 33,
          "opcode": "JUMP",
          "arg": "22",
          "addressing": 0
      },
      {
          "index": 34,
          "opcode": "CLA",
          "arg": null,
          "addressing": 5
      },
      {
          "index": 35,
          "opcode": "LD",
          "arg": "61",
          "addressing": 2
      },
      {
          "index": 36,
          "opcode": "ST",
          "arg": "51",
          "addressing": 0
      },
      {
          "index": 37,
          "opcode": "POP",
          "arg": null,
          "addressing": 5
      },
      {
          "index": 38,
          "opcode": "INC",
          "arg": null,
          "addressing": 5
      },
      {
          "index": 39,
          "opcode": "LD",
          "arg": "60",
          "addressing": 0
      },
      {
          "index": 40,
          "opcode": "SWAP",
          "arg": null,
          "addressing": 5
      },
      {
          "index": 41,
          "opcode": "BLT",
          "arg": null,
          "addressing": 5
      },
      {
          "index": 42,
          "opcode": "JUMP",
          "arg": "50",
          "addressing": 0
      },
      {
          "index": 43,
          "opcode": "DUP",
          "arg": null,
          "addressing": 5
      },
      {
          "index": 44,
          "opcode": "LD",
          "arg": "51",
          "addressing": 3
      },
      {
          "index": 45,
          "opcode": "ST",
          "arg": "0",
          "addressing": 0
      },
      {
          "index": 46,
          "opcode": "OUT",
          "arg": null,
          "addressing": 5
      },
      {
          "index": 47,
          "opcode": "POP",
          "arg": null,
          "addressing": 5
      },
      {
          "index": 48,
          "opcode": "POP",
          "arg": null,
          "addressing": 5
      },
      {
          "index": 49,
          "opcode": "JUMP",
          "arg": "38",
          "addressing": 0
      },
      {
          "index": 50,
          "opcode": "HLT",
          "arg": null,
          "addressing": 5
      },
      {
          "index": 51,
          "opcode": "NOP",
          "arg": 0,
          "addressing": 0
      },
      {
          "index": 52,
          "opcode": "NOP",
          "arg": 8,
          "addressing": 0
      },
      {
          "index": 53,
          "opcode": "NOP",
          "arg": 72,
          "addressing": 0
      },
      {
          "index": 54,
          "opcode": "NOP",
          "arg": 101,
          "addressing": 0
      },
      {
          "index": 55,
          "opcode": "NOP",
          "arg": 108,
          "addressing": 0
      },
      {
          "index": 56,
          "opcode": "NOP",
          "arg": 108,
          "addressing": 0
      },
      {
          "index": 57,
          "opcode": "NOP",
          "arg": 111,
          "addressing": 0
      },
      {
          "index": 58,
          "opcode": "NOP",
          "arg": 44,
          "addressing": 0
      },
      {
          "index": 59,
          "opcode": "NOP",
          "arg": 32,
          "addressing": 0
      },
      {
          "index": 60,
          "opcode": "NOP",
          "arg": 0,
          "addressing": 0
      },
      {
          "index": 61,
          "opcode": "NOP",
          "arg": 0,
          "addressing": 0
      }
  ]

out_stdout: |
 source LoC: 1 code instr: 65
 ============================================================
 What's your name, traveller? Hello, Nikitka
 instructions_executed: 330 ticks: 2731

out_global: |-
 Hello, i wanna die!

out_log: |
  DEBUG:root:  TICK:    0 	IP:    1 	CR:    0 	AR:    0 	DR:    0 	BR:    0 	STACK: [0 ]
  DEBUG:root:  TICK:    5 	IP:    2 	CR: IN   	AR:    1 	DR: IN   	BR:    0 	STACK: [0 ]
  DEBUG:root:  TICK:   16 	IP:    3 	CR: LD0  	AR:    0 	DR:   11 	BR:    0 	STACK: [11 ]
  DEBUG:root:  TICK:   27 	IP:    4 	CR: ST63 	AR:   63 	DR:   11 	BR:    0 	STACK: [11 ]
  DEBUG:root:  TICK:   32 	IP:    5 	CR: POP  	AR:    4 	DR: POP  	BR:    0 	STACK: [0 ]
  DEBUG:root:  TICK:   39 	IP:    6 	CR: LD64 	AR:    5 	DR:   64 	BR:    0 	STACK: [64 ]
  DEBUG:root:  TICK:   50 	IP:    7 	CR: ST54 	AR:   54 	DR:   64 	BR:    0 	STACK: [64 ]
  DEBUG:root:  TICK:   55 	IP:    8 	CR: POP  	AR:    7 	DR: POP  	BR:    0 	STACK: [0 ]
  DEBUG:root:  TICK:   61 	IP:    9 	CR: INC  	AR:    8 	DR: INC  	BR:    0 	STACK: [1 ]
  DEBUG:root:  TICK:   72 	IP:   10 	CR: LD63 	AR:   63 	DR:   11 	BR:    0 	STACK: [11 ]
  DEBUG:root:  TICK:   79 	IP:   11 	CR: SWAP 	AR:   10 	DR: SWAP 	BR:    1 	STACK: [1 ]
  DEBUG:root:  TICK:   86 	IP:   13 	CR: BLT  	AR:   11 	DR: BLT  	BR:    1 	STACK: [1 ]
  DEBUG:root:  TICK:   91 	IP:   14 	CR: IN   	AR:   13 	DR: IN   	BR:    1 	STACK: [1 ]
  DEBUG:root:  TICK:  102 	IP:   15 	CR: LD0  	AR:    0 	DR:  105 	BR:    1 	STACK: [105 ]
  DEBUG:root:  TICK:  119 	IP:   16 	CR: ST54 	AR:   64 	DR:  105 	BR:    1 	STACK: [105 ]
  DEBUG:root:  TICK:  124 	IP:   17 	CR: POP  	AR:   16 	DR: POP  	BR:    1 	STACK: [1 ]
  DEBUG:root:  TICK:  134 	IP:    8 	CR: JUMP8 	AR:    8 	DR: INC  	BR:    1 	STACK: [1 ]
  DEBUG:root:  TICK:  140 	IP:    9 	CR: INC  	AR:    8 	DR: INC  	BR:    1 	STACK: [2 ]
  DEBUG:root:  TICK:  151 	IP:   10 	CR: LD63 	AR:   63 	DR:   11 	BR:    1 	STACK: [11 ]
  DEBUG:root:  TICK:  158 	IP:   11 	CR: SWAP 	AR:   10 	DR: SWAP 	BR:    2 	STACK: [2 ]
  DEBUG:root:  TICK:  165 	IP:   13 	CR: BLT  	AR:   11 	DR: BLT  	BR:    2 	STACK: [2 ]
  DEBUG:root:  TICK:  170 	IP:   14 	CR: IN   	AR:   13 	DR: IN   	BR:    2 	STACK: [2 ]
  DEBUG:root:  TICK:  181 	IP:   15 	CR: LD0  	AR:    0 	DR:   32 	BR:    2 	STACK: [32 ]
  DEBUG:root:  TICK:  198 	IP:   16 	CR: ST54 	AR:   65 	DR:   32 	BR:    2 	STACK: [32 ]
  DEBUG:root:  TICK:  203 	IP:   17 	CR: POP  	AR:   16 	DR: POP  	BR:    2 	STACK: [2 ]
  DEBUG:root:  TICK:  213 	IP:    8 	CR: JUMP8 	AR:    8 	DR: INC  	BR:    2 	STACK: [2 ]
  DEBUG:root:  TICK:  219 	IP:    9 	CR: INC  	AR:    8 	DR: INC  	BR:    2 	STACK: [3 ]
  DEBUG:root:  TICK:  230 	IP:   10 	CR: LD63 	AR:   63 	DR:   11 	BR:    2 	STACK: [11 ]
  DEBUG:root:  TICK:  237 	IP:   11 	CR: SWAP 	AR:   10 	DR: SWAP 	BR:    3 	STACK: [3 ]
  DEBUG:root:  TICK:  244 	IP:   13 	CR: BLT  	AR:   11 	DR: BLT  	BR:    3 	STACK: [3 ]
  DEBUG:root:  TICK:  249 	IP:   14 	CR: IN   	AR:   13 	DR: IN   	BR:    3 	STACK: [3 ]
  DEBUG:root:  TICK:  260 	IP:   15 	CR: LD0  	AR:    0 	DR:  119 	BR:    3 	STACK: [119 ]
  DEBUG:root:  TICK:  277 	IP:   16 	CR: ST54 	AR:   66 	DR:  119 	BR:    3 	STACK: [119 ]
  DEBUG:root:  TICK:  282 	IP:   17 	CR: POP  	AR:   16 	DR: POP  	BR:    3 	STACK: [3 ]
  DEBUG:root:  TICK:  292 	IP:    8 	CR: JUMP8 	AR:    8 	DR: INC  	BR:    3 	STACK: [3 ]
  DEBUG:root:  TICK:  298 	IP:    9 	CR: INC  	AR:    8 	DR: INC  	BR:    3 	STACK: [4 ]
  DEBUG:root:  TICK:  309 	IP:   10 	CR: LD63 	AR:   63 	DR:   11 	BR:    3 	STACK: [11 ]
  DEBUG:root:  TICK:  316 	IP:   11 	CR: SWAP 	AR:   10 	DR: SWAP 	BR:    4 	STACK: [4 ]
  DEBUG:root:  TICK:  323 	IP:   13 	CR: BLT  	AR:   11 	DR: BLT  	BR:    4 	STACK: [4 ]
  DEBUG:root:  TICK:  328 	IP:   14 	CR: IN   	AR:   13 	DR: IN   	BR:    4 	STACK: [4 ]
  DEBUG:root:  TICK:  339 	IP:   15 	CR: LD0  	AR:    0 	DR:   97 	BR:    4 	STACK: [97 ]
  DEBUG:root:  TICK:  356 	IP:   16 	CR: ST54 	AR:   67 	DR:   97 	BR:    4 	STACK: [97 ]
  DEBUG:root:  TICK:  361 	IP:   17 	CR: POP  	AR:   16 	DR: POP  	BR:    4 	STACK: [4 ]
  DEBUG:root:  TICK:  371 	IP:    8 	CR: JUMP8 	AR:    8 	DR: INC  	BR:    4 	STACK: [4 ]
  DEBUG:root:  TICK:  377 	IP:    9 	CR: INC  	AR:    8 	DR: INC  	BR:    4 	STACK: [5 ]
  DEBUG:root:  TICK:  388 	IP:   10 	CR: LD63 	AR:   63 	DR:   11 	BR:    4 	STACK: [11 ]
  DEBUG:root:  TICK:  395 	IP:   11 	CR: SWAP 	AR:   10 	DR: SWAP 	BR:    5 	STACK: [5 ]
  DEBUG:root:  TICK:  402 	IP:   13 	CR: BLT  	AR:   11 	DR: BLT  	BR:    5 	STACK: [5 ]
  DEBUG:root:  TICK:  407 	IP:   14 	CR: IN   	AR:   13 	DR: IN   	BR:    5 	STACK: [5 ]
  DEBUG:root:  TICK:  418 	IP:   15 	CR: LD0  	AR:    0 	DR:  110 	BR:    5 	STACK: [110 ]
  DEBUG:root:  TICK:  435 	IP:   16 	CR: ST54 	AR:   68 	DR:  110 	BR:    5 	STACK: [110 ]
  DEBUG:root:  TICK:  440 	IP:   17 	CR: POP  	AR:   16 	DR: POP  	BR:    5 	STACK: [5 ]
  DEBUG:root:  TICK:  450 	IP:    8 	CR: JUMP8 	AR:    8 	DR: INC  	BR:    5 	STACK: [5 ]
  DEBUG:root:  TICK:  456 	IP:    9 	CR: INC  	AR:    8 	DR: INC  	BR:    5 	STACK: [6 ]
  DEBUG:root:  TICK:  467 	IP:   10 	CR: LD63 	AR:   63 	DR:   11 	BR:    5 	STACK: [11 ]
  DEBUG:root:  TICK:  474 	IP:   11 	CR: SWAP 	AR:   10 	DR: SWAP 	BR:    6 	STACK: [6 ]
  DEBUG:root:  TICK:  481 	IP:   13 	CR: BLT  	AR:   11 	DR: BLT  	BR:    6 	STACK: [6 ]
  DEBUG:root:  TICK:  486 	IP:   14 	CR: IN   	AR:   13 	DR: IN   	BR:    6 	STACK: [6 ]
  DEBUG:root:  TICK:  497 	IP:   15 	CR: LD0  	AR:    0 	DR:  110 	BR:    6 	STACK: [110 ]
  DEBUG:root:  TICK:  514 	IP:   16 	CR: ST54 	AR:   69 	DR:  110 	BR:    6 	STACK: [110 ]
  DEBUG:root:  TICK:  519 	IP:   17 	CR: POP  	AR:   16 	DR: POP  	BR:    6 	STACK: [6 ]
  DEBUG:root:  TICK:  529 	IP:    8 	CR: JUMP8 	AR:    8 	DR: INC  	BR:    6 	STACK: [6 ]
  DEBUG:root:  TICK:  535 	IP:    9 	CR: INC  	AR:    8 	DR: INC  	BR:    6 	STACK: [7 ]
  DEBUG:root:  TICK:  546 	IP:   10 	CR: LD63 	AR:   63 	DR:   11 	BR:    6 	STACK: [11 ]
  DEBUG:root:  TICK:  553 	IP:   11 	CR: SWAP 	AR:   10 	DR: SWAP 	BR:    7 	STACK: [7 ]
  DEBUG:root:  TICK:  560 	IP:   13 	CR: BLT  	AR:   11 	DR: BLT  	BR:    7 	STACK: [7 ]
  DEBUG:root:  TICK:  565 	IP:   14 	CR: IN   	AR:   13 	DR: IN   	BR:    7 	STACK: [7 ]
  DEBUG:root:  TICK:  576 	IP:   15 	CR: LD0  	AR:    0 	DR:   97 	BR:    7 	STACK: [97 ]
  DEBUG:root:  TICK:  593 	IP:   16 	CR: ST54 	AR:   70 	DR:   97 	BR:    7 	STACK: [97 ]
  DEBUG:root:  TICK:  598 	IP:   17 	CR: POP  	AR:   16 	DR: POP  	BR:    7 	STACK: [7 ]
  DEBUG:root:  TICK:  608 	IP:    8 	CR: JUMP8 	AR:    8 	DR: INC  	BR:    7 	STACK: [7 ]
  DEBUG:root:  TICK:  614 	IP:    9 	CR: INC  	AR:    8 	DR: INC  	BR:    7 	STACK: [8 ]
  DEBUG:root:  TICK:  625 	IP:   10 	CR: LD63 	AR:   63 	DR:   11 	BR:    7 	STACK: [11 ]
  DEBUG:root:  TICK:  632 	IP:   11 	CR: SWAP 	AR:   10 	DR: SWAP 	BR:    8 	STACK: [8 ]
  DEBUG:root:  TICK:  639 	IP:   13 	CR: BLT  	AR:   11 	DR: BLT  	BR:    8 	STACK: [8 ]
  DEBUG:root:  TICK:  644 	IP:   14 	CR: IN   	AR:   13 	DR: IN   	BR:    8 	STACK: [8 ]
  DEBUG:root:  TICK:  655 	IP:   15 	CR: LD0  	AR:    0 	DR:   32 	BR:    8 	STACK: [32 ]
  DEBUG:root:  TICK:  672 	IP:   16 	CR: ST54 	AR:   71 	DR:   32 	BR:    8 	STACK: [32 ]
  DEBUG:root:  TICK:  677 	IP:   17 	CR: POP  	AR:   16 	DR: POP  	BR:    8 	STACK: [8 ]
  DEBUG:root:  TICK:  687 	IP:    8 	CR: JUMP8 	AR:    8 	DR: INC  	BR:    8 	STACK: [8 ]
  DEBUG:root:  TICK:  693 	IP:    9 	CR: INC  	AR:    8 	DR: INC  	BR:    8 	STACK: [9 ]
  DEBUG:root:  TICK:  704 	IP:   10 	CR: LD63 	AR:   63 	DR:   11 	BR:    8 	STACK: [11 ]
  DEBUG:root:  TICK:  711 	IP:   11 	CR: SWAP 	AR:   10 	DR: SWAP 	BR:    9 	STACK: [9 ]
  DEBUG:root:  TICK:  718 	IP:   13 	CR: BLT  	AR:   11 	DR: BLT  	BR:    9 	STACK: [9 ]
  DEBUG:root:  TICK:  723 	IP:   14 	CR: IN   	AR:   13 	DR: IN   	BR:    9 	STACK: [9 ]
  DEBUG:root:  TICK:  734 	IP:   15 	CR: LD0  	AR:    0 	DR:  100 	BR:    9 	STACK: [100 ]
  DEBUG:root:  TICK:  751 	IP:   16 	CR: ST54 	AR:   72 	DR:  100 	BR:    9 	STACK: [100 ]
  DEBUG:root:  TICK:  756 	IP:   17 	CR: POP  	AR:   16 	DR: POP  	BR:    9 	STACK: [9 ]
  DEBUG:root:  TICK:  766 	IP:    8 	CR: JUMP8 	AR:    8 	DR: INC  	BR:    9 	STACK: [9 ]
  DEBUG:root:  TICK:  772 	IP:    9 	CR: INC  	AR:    8 	DR: INC  	BR:    9 	STACK: [10 ]
  DEBUG:root:  TICK:  783 	IP:   10 	CR: LD63 	AR:   63 	DR:   11 	BR:    9 	STACK: [11 ]
  DEBUG:root:  TICK:  790 	IP:   11 	CR: SWAP 	AR:   10 	DR: SWAP 	BR:   10 	STACK: [10 ]
  DEBUG:root:  TICK:  797 	IP:   13 	CR: BLT  	AR:   11 	DR: BLT  	BR:   10 	STACK: [10 ]
  DEBUG:root:  TICK:  802 	IP:   14 	CR: IN   	AR:   13 	DR: IN   	BR:   10 	STACK: [10 ]
  DEBUG:root:  TICK:  813 	IP:   15 	CR: LD0  	AR:    0 	DR:  105 	BR:   10 	STACK: [105 ]
  DEBUG:root:  TICK:  830 	IP:   16 	CR: ST54 	AR:   73 	DR:  105 	BR:   10 	STACK: [105 ]
  DEBUG:root:  TICK:  835 	IP:   17 	CR: POP  	AR:   16 	DR: POP  	BR:   10 	STACK: [10 ]
  DEBUG:root:  TICK:  845 	IP:    8 	CR: JUMP8 	AR:    8 	DR: INC  	BR:   10 	STACK: [10 ]
  DEBUG:root:  TICK:  851 	IP:    9 	CR: INC  	AR:    8 	DR: INC  	BR:   10 	STACK: [11 ]
  DEBUG:root:  TICK:  862 	IP:   10 	CR: LD63 	AR:   63 	DR:   11 	BR:   10 	STACK: [11 ]
  DEBUG:root:  TICK:  869 	IP:   11 	CR: SWAP 	AR:   10 	DR: SWAP 	BR:   11 	STACK: [11 ]
  DEBUG:root:  TICK:  876 	IP:   13 	CR: BLT  	AR:   11 	DR: BLT  	BR:   11 	STACK: [11 ]
  DEBUG:root:  TICK:  881 	IP:   14 	CR: IN   	AR:   13 	DR: IN   	BR:   11 	STACK: [11 ]
  DEBUG:root:  TICK:  892 	IP:   15 	CR: LD0  	AR:    0 	DR:  101 	BR:   11 	STACK: [101 ]
  DEBUG:root:  TICK:  909 	IP:   16 	CR: ST54 	AR:   74 	DR:  101 	BR:   11 	STACK: [101 ]
  DEBUG:root:  TICK:  914 	IP:   17 	CR: POP  	AR:   16 	DR: POP  	BR:   11 	STACK: [11 ]
  DEBUG:root:  TICK:  924 	IP:    8 	CR: JUMP8 	AR:    8 	DR: INC  	BR:   11 	STACK: [11 ]
  DEBUG:root:  TICK:  930 	IP:    9 	CR: INC  	AR:    8 	DR: INC  	BR:   11 	STACK: [12 ]
  DEBUG:root:  TICK:  941 	IP:   10 	CR: LD63 	AR:   63 	DR:   11 	BR:   11 	STACK: [11 ]
  DEBUG:root:  TICK:  948 	IP:   11 	CR: SWAP 	AR:   10 	DR: SWAP 	BR:   12 	STACK: [12 ]
  DEBUG:root:  TICK:  954 	IP:   12 	CR: BLT  	AR:   11 	DR: BLT  	BR:   12 	STACK: [12 ]
  DEBUG:root:  TICK:  964 	IP:   18 	CR: JUMP18 	AR:   18 	DR: CLA  	BR:   12 	STACK: [12 ]
  DEBUG:root:  TICK:  970 	IP:   19 	CR: CLA  	AR:   18 	DR: CLA  	BR:   12 	STACK: [0 ]
  DEBUG:root:  TICK:  977 	IP:   20 	CR: LD56 	AR:   19 	DR:   56 	BR:   12 	STACK: [56 ]
  DEBUG:root:  TICK:  988 	IP:   21 	CR: ST54 	AR:   54 	DR:   56 	BR:   12 	STACK: [56 ]
  DEBUG:root:  TICK:  993 	IP:   22 	CR: POP  	AR:   21 	DR: POP  	BR:   12 	STACK: [0 ]
  DEBUG:root:  TICK:  999 	IP:   23 	CR: INC  	AR:   22 	DR: INC  	BR:   12 	STACK: [1 ]
  DEBUG:root:  TICK: 1010 	IP:   24 	CR: LD55 	AR:   55 	DR:    7 	BR:   12 	STACK: [7 ]
  DEBUG:root:  TICK: 1017 	IP:   25 	CR: SWAP 	AR:   24 	DR: SWAP 	BR:    1 	STACK: [1 ]
  DEBUG:root:  TICK: 1024 	IP:   27 	CR: BLT  	AR:   25 	DR: BLT  	BR:    1 	STACK: [1 ]
  DEBUG:root:  TICK: 1029 	IP:   28 	CR: DUP  	AR:   27 	DR: DUP  	BR:    1 	STACK: [1 ]
  DEBUG:root:  TICK: 1046 	IP:   29 	CR: LD54 	AR:   56 	DR:   72 	BR:    1 	STACK: [72 1 ]
  DEBUG:root:  TICK: 1057 	IP:   30 	CR: ST0  	AR:    0 	DR:   72 	BR:    1 	STACK: [72 1 ]
  DEBUG:root:  TICK: 1062 	IP:   31 	CR: OUT  	AR:   30 	DR: OUT  	BR:    1 	STACK: [72 1 ]
  DEBUG:root:  TICK: 1067 	IP:   32 	CR: POP  	AR:   31 	DR: POP  	BR:    1 	STACK: [1 ]
  DEBUG:root:  TICK: 1072 	IP:   33 	CR: POP  	AR:   32 	DR: POP  	BR:    1 	STACK: [1 ]
  DEBUG:root:  TICK: 1082 	IP:   22 	CR: JUMP22 	AR:   22 	DR: INC  	BR:    1 	STACK: [1 ]
  DEBUG:root:  TICK: 1088 	IP:   23 	CR: INC  	AR:   22 	DR: INC  	BR:    1 	STACK: [2 ]
  DEBUG:root:  TICK: 1099 	IP:   24 	CR: LD55 	AR:   55 	DR:    7 	BR:    1 	STACK: [7 ]
  DEBUG:root:  TICK: 1106 	IP:   25 	CR: SWAP 	AR:   24 	DR: SWAP 	BR:    2 	STACK: [2 ]
  DEBUG:root:  TICK: 1113 	IP:   27 	CR: BLT  	AR:   25 	DR: BLT  	BR:    2 	STACK: [2 ]
  DEBUG:root:  TICK: 1118 	IP:   28 	CR: DUP  	AR:   27 	DR: DUP  	BR:    2 	STACK: [2 ]
  DEBUG:root:  TICK: 1135 	IP:   29 	CR: LD54 	AR:   57 	DR:  101 	BR:    2 	STACK: [101 2 ]
  DEBUG:root:  TICK: 1146 	IP:   30 	CR: ST0  	AR:    0 	DR:  101 	BR:    2 	STACK: [101 2 ]
  DEBUG:root:  TICK: 1151 	IP:   31 	CR: OUT  	AR:   30 	DR: OUT  	BR:    2 	STACK: [101 2 ]
  DEBUG:root:  TICK: 1156 	IP:   32 	CR: POP  	AR:   31 	DR: POP  	BR:    2 	STACK: [2 ]
  DEBUG:root:  TICK: 1161 	IP:   33 	CR: POP  	AR:   32 	DR: POP  	BR:    2 	STACK: [2 ]
  DEBUG:root:  TICK: 1171 	IP:   22 	CR: JUMP22 	AR:   22 	DR: INC  	BR:    2 	STACK: [2 ]
  DEBUG:root:  TICK: 1177 	IP:   23 	CR: INC  	AR:   22 	DR: INC  	BR:    2 	STACK: [3 ]
  DEBUG:root:  TICK: 1188 	IP:   24 	CR: LD55 	AR:   55 	DR:    7 	BR:    2 	STACK: [7 ]
  DEBUG:root:  TICK: 1195 	IP:   25 	CR: SWAP 	AR:   24 	DR: SWAP 	BR:    3 	STACK: [3 ]
  DEBUG:root:  TICK: 1202 	IP:   27 	CR: BLT  	AR:   25 	DR: BLT  	BR:    3 	STACK: [3 ]
  DEBUG:root:  TICK: 1207 	IP:   28 	CR: DUP  	AR:   27 	DR: DUP  	BR:    3 	STACK: [3 ]
  DEBUG:root:  TICK: 1224 	IP:   29 	CR: LD54 	AR:   58 	DR:  108 	BR:    3 	STACK: [108 3 ]
  DEBUG:root:  TICK: 1235 	IP:   30 	CR: ST0  	AR:    0 	DR:  108 	BR:    3 	STACK: [108 3 ]
  DEBUG:root:  TICK: 1240 	IP:   31 	CR: OUT  	AR:   30 	DR: OUT  	BR:    3 	STACK: [108 3 ]
  DEBUG:root:  TICK: 1245 	IP:   32 	CR: POP  	AR:   31 	DR: POP  	BR:    3 	STACK: [3 ]
  DEBUG:root:  TICK: 1250 	IP:   33 	CR: POP  	AR:   32 	DR: POP  	BR:    3 	STACK: [3 ]
  DEBUG:root:  TICK: 1260 	IP:   22 	CR: JUMP22 	AR:   22 	DR: INC  	BR:    3 	STACK: [3 ]
  DEBUG:root:  TICK: 1266 	IP:   23 	CR: INC  	AR:   22 	DR: INC  	BR:    3 	STACK: [4 ]
  DEBUG:root:  TICK: 1277 	IP:   24 	CR: LD55 	AR:   55 	DR:    7 	BR:    3 	STACK: [7 ]
  DEBUG:root:  TICK: 1284 	IP:   25 	CR: SWAP 	AR:   24 	DR: SWAP 	BR:    4 	STACK: [4 ]
  DEBUG:root:  TICK: 1291 	IP:   27 	CR: BLT  	AR:   25 	DR: BLT  	BR:    4 	STACK: [4 ]
  DEBUG:root:  TICK: 1296 	IP:   28 	CR: DUP  	AR:   27 	DR: DUP  	BR:    4 	STACK: [4 ]
  DEBUG:root:  TICK: 1313 	IP:   29 	CR: LD54 	AR:   59 	DR:  108 	BR:    4 	STACK: [108 4 ]
  DEBUG:root:  TICK: 1324 	IP:   30 	CR: ST0  	AR:    0 	DR:  108 	BR:    4 	STACK: [108 4 ]
  DEBUG:root:  TICK: 1329 	IP:   31 	CR: OUT  	AR:   30 	DR: OUT  	BR:    4 	STACK: [108 4 ]
  DEBUG:root:  TICK: 1334 	IP:   32 	CR: POP  	AR:   31 	DR: POP  	BR:    4 	STACK: [4 ]
  DEBUG:root:  TICK: 1339 	IP:   33 	CR: POP  	AR:   32 	DR: POP  	BR:    4 	STACK: [4 ]
  DEBUG:root:  TICK: 1349 	IP:   22 	CR: JUMP22 	AR:   22 	DR: INC  	BR:    4 	STACK: [4 ]
  DEBUG:root:  TICK: 1355 	IP:   23 	CR: INC  	AR:   22 	DR: INC  	BR:    4 	STACK: [5 ]
  DEBUG:root:  TICK: 1366 	IP:   24 	CR: LD55 	AR:   55 	DR:    7 	BR:    4 	STACK: [7 ]
  DEBUG:root:  TICK: 1373 	IP:   25 	CR: SWAP 	AR:   24 	DR: SWAP 	BR:    5 	STACK: [5 ]
  DEBUG:root:  TICK: 1380 	IP:   27 	CR: BLT  	AR:   25 	DR: BLT  	BR:    5 	STACK: [5 ]
  DEBUG:root:  TICK: 1385 	IP:   28 	CR: DUP  	AR:   27 	DR: DUP  	BR:    5 	STACK: [5 ]
  DEBUG:root:  TICK: 1402 	IP:   29 	CR: LD54 	AR:   60 	DR:  111 	BR:    5 	STACK: [111 5 ]
  DEBUG:root:  TICK: 1413 	IP:   30 	CR: ST0  	AR:    0 	DR:  111 	BR:    5 	STACK: [111 5 ]
  DEBUG:root:  TICK: 1418 	IP:   31 	CR: OUT  	AR:   30 	DR: OUT  	BR:    5 	STACK: [111 5 ]
  DEBUG:root:  TICK: 1423 	IP:   32 	CR: POP  	AR:   31 	DR: POP  	BR:    5 	STACK: [5 ]
  DEBUG:root:  TICK: 1428 	IP:   33 	CR: POP  	AR:   32 	DR: POP  	BR:    5 	STACK: [5 ]
  DEBUG:root:  TICK: 1438 	IP:   22 	CR: JUMP22 	AR:   22 	DR: INC  	BR:    5 	STACK: [5 ]
  DEBUG:root:  TICK: 1444 	IP:   23 	CR: INC  	AR:   22 	DR: INC  	BR:    5 	STACK: [6 ]
  DEBUG:root:  TICK: 1455 	IP:   24 	CR: LD55 	AR:   55 	DR:    7 	BR:    5 	STACK: [7 ]
  DEBUG:root:  TICK: 1462 	IP:   25 	CR: SWAP 	AR:   24 	DR: SWAP 	BR:    6 	STACK: [6 ]
  DEBUG:root:  TICK: 1469 	IP:   27 	CR: BLT  	AR:   25 	DR: BLT  	BR:    6 	STACK: [6 ]
  DEBUG:root:  TICK: 1474 	IP:   28 	CR: DUP  	AR:   27 	DR: DUP  	BR:    6 	STACK: [6 ]
  DEBUG:root:  TICK: 1491 	IP:   29 	CR: LD54 	AR:   61 	DR:   44 	BR:    6 	STACK: [44 6 ]
  DEBUG:root:  TICK: 1502 	IP:   30 	CR: ST0  	AR:    0 	DR:   44 	BR:    6 	STACK: [44 6 ]
  DEBUG:root:  TICK: 1507 	IP:   31 	CR: OUT  	AR:   30 	DR: OUT  	BR:    6 	STACK: [44 6 ]
  DEBUG:root:  TICK: 1512 	IP:   32 	CR: POP  	AR:   31 	DR: POP  	BR:    6 	STACK: [6 ]
  DEBUG:root:  TICK: 1517 	IP:   33 	CR: POP  	AR:   32 	DR: POP  	BR:    6 	STACK: [6 ]
  DEBUG:root:  TICK: 1527 	IP:   22 	CR: JUMP22 	AR:   22 	DR: INC  	BR:    6 	STACK: [6 ]
  DEBUG:root:  TICK: 1533 	IP:   23 	CR: INC  	AR:   22 	DR: INC  	BR:    6 	STACK: [7 ]
  DEBUG:root:  TICK: 1544 	IP:   24 	CR: LD55 	AR:   55 	DR:    7 	BR:    6 	STACK: [7 ]
  DEBUG:root:  TICK: 1551 	IP:   25 	CR: SWAP 	AR:   24 	DR: SWAP 	BR:    7 	STACK: [7 ]
  DEBUG:root:  TICK: 1558 	IP:   27 	CR: BLT  	AR:   25 	DR: BLT  	BR:    7 	STACK: [7 ]
  DEBUG:root:  TICK: 1563 	IP:   28 	CR: DUP  	AR:   27 	DR: DUP  	BR:    7 	STACK: [7 ]
  DEBUG:root:  TICK: 1580 	IP:   29 	CR: LD54 	AR:   62 	DR:   32 	BR:    7 	STACK: [32 7 ]
  DEBUG:root:  TICK: 1591 	IP:   30 	CR: ST0  	AR:    0 	DR:   32 	BR:    7 	STACK: [32 7 ]
  DEBUG:root:  TICK: 1596 	IP:   31 	CR: OUT  	AR:   30 	DR: OUT  	BR:    7 	STACK: [32 7 ]
  DEBUG:root:  TICK: 1601 	IP:   32 	CR: POP  	AR:   31 	DR: POP  	BR:    7 	STACK: [7 ]
  DEBUG:root:  TICK: 1606 	IP:   33 	CR: POP  	AR:   32 	DR: POP  	BR:    7 	STACK: [7 ]
  DEBUG:root:  TICK: 1616 	IP:   22 	CR: JUMP22 	AR:   22 	DR: INC  	BR:    7 	STACK: [7 ]
  DEBUG:root:  TICK: 1622 	IP:   23 	CR: INC  	AR:   22 	DR: INC  	BR:    7 	STACK: [8 ]
  DEBUG:root:  TICK: 1633 	IP:   24 	CR: LD55 	AR:   55 	DR:    7 	BR:    7 	STACK: [7 ]
  DEBUG:root:  TICK: 1640 	IP:   25 	CR: SWAP 	AR:   24 	DR: SWAP 	BR:    8 	STACK: [8 ]
  DEBUG:root:  TICK: 1646 	IP:   26 	CR: BLT  	AR:   25 	DR: BLT  	BR:    8 	STACK: [8 ]
  DEBUG:root:  TICK: 1656 	IP:   34 	CR: JUMP34 	AR:   34 	DR: CLA  	BR:    8 	STACK: [8 ]
  DEBUG:root:  TICK: 1662 	IP:   35 	CR: CLA  	AR:   34 	DR: CLA  	BR:    8 	STACK: [0 ]
  DEBUG:root:  TICK: 1669 	IP:   36 	CR: LD64 	AR:   35 	DR:   64 	BR:    8 	STACK: [64 ]
  DEBUG:root:  TICK: 1680 	IP:   37 	CR: ST54 	AR:   54 	DR:   64 	BR:    8 	STACK: [64 ]
  DEBUG:root:  TICK: 1685 	IP:   38 	CR: POP  	AR:   37 	DR: POP  	BR:    8 	STACK: [0 ]
  DEBUG:root:  TICK: 1691 	IP:   39 	CR: INC  	AR:   38 	DR: INC  	BR:    8 	STACK: [1 ]
  DEBUG:root:  TICK: 1702 	IP:   40 	CR: LD63 	AR:   63 	DR:   11 	BR:    8 	STACK: [11 ]
  DEBUG:root:  TICK: 1709 	IP:   41 	CR: SWAP 	AR:   40 	DR: SWAP 	BR:    1 	STACK: [1 ]
  DEBUG:root:  TICK: 1716 	IP:   43 	CR: BLT  	AR:   41 	DR: BLT  	BR:    1 	STACK: [1 ]
  DEBUG:root:  TICK: 1721 	IP:   44 	CR: DUP  	AR:   43 	DR: DUP  	BR:    1 	STACK: [1 ]
  DEBUG:root:  TICK: 1738 	IP:   45 	CR: LD54 	AR:   64 	DR:  105 	BR:    1 	STACK: [105 1 ]
  DEBUG:root:  TICK: 1749 	IP:   46 	CR: ST0  	AR:    0 	DR:  105 	BR:    1 	STACK: [105 1 ]
  DEBUG:root:  TICK: 1754 	IP:   47 	CR: OUT  	AR:   46 	DR: OUT  	BR:    1 	STACK: [105 1 ]
  DEBUG:root:  TICK: 1759 	IP:   48 	CR: POP  	AR:   47 	DR: POP  	BR:    1 	STACK: [1 ]
  DEBUG:root:  TICK: 1764 	IP:   49 	CR: POP  	AR:   48 	DR: POP  	BR:    1 	STACK: [1 ]
  DEBUG:root:  TICK: 1774 	IP:   38 	CR: JUMP38 	AR:   38 	DR: INC  	BR:    1 	STACK: [1 ]
  DEBUG:root:  TICK: 1780 	IP:   39 	CR: INC  	AR:   38 	DR: INC  	BR:    1 	STACK: [2 ]
  DEBUG:root:  TICK: 1791 	IP:   40 	CR: LD63 	AR:   63 	DR:   11 	BR:    1 	STACK: [11 ]
  DEBUG:root:  TICK: 1798 	IP:   41 	CR: SWAP 	AR:   40 	DR: SWAP 	BR:    2 	STACK: [2 ]
  DEBUG:root:  TICK: 1805 	IP:   43 	CR: BLT  	AR:   41 	DR: BLT  	BR:    2 	STACK: [2 ]
  DEBUG:root:  TICK: 1810 	IP:   44 	CR: DUP  	AR:   43 	DR: DUP  	BR:    2 	STACK: [2 ]
  DEBUG:root:  TICK: 1827 	IP:   45 	CR: LD54 	AR:   65 	DR:   32 	BR:    2 	STACK: [32 2 ]
  DEBUG:root:  TICK: 1838 	IP:   46 	CR: ST0  	AR:    0 	DR:   32 	BR:    2 	STACK: [32 2 ]
  DEBUG:root:  TICK: 1843 	IP:   47 	CR: OUT  	AR:   46 	DR: OUT  	BR:    2 	STACK: [32 2 ]
  DEBUG:root:  TICK: 1848 	IP:   48 	CR: POP  	AR:   47 	DR: POP  	BR:    2 	STACK: [2 ]
  DEBUG:root:  TICK: 1853 	IP:   49 	CR: POP  	AR:   48 	DR: POP  	BR:    2 	STACK: [2 ]
  DEBUG:root:  TICK: 1863 	IP:   38 	CR: JUMP38 	AR:   38 	DR: INC  	BR:    2 	STACK: [2 ]
  DEBUG:root:  TICK: 1869 	IP:   39 	CR: INC  	AR:   38 	DR: INC  	BR:    2 	STACK: [3 ]
  DEBUG:root:  TICK: 1880 	IP:   40 	CR: LD63 	AR:   63 	DR:   11 	BR:    2 	STACK: [11 ]
  DEBUG:root:  TICK: 1887 	IP:   41 	CR: SWAP 	AR:   40 	DR: SWAP 	BR:    3 	STACK: [3 ]
  DEBUG:root:  TICK: 1894 	IP:   43 	CR: BLT  	AR:   41 	DR: BLT  	BR:    3 	STACK: [3 ]
  DEBUG:root:  TICK: 1899 	IP:   44 	CR: DUP  	AR:   43 	DR: DUP  	BR:    3 	STACK: [3 ]
  DEBUG:root:  TICK: 1916 	IP:   45 	CR: LD54 	AR:   66 	DR:  119 	BR:    3 	STACK: [119 3 ]
  DEBUG:root:  TICK: 1927 	IP:   46 	CR: ST0  	AR:    0 	DR:  119 	BR:    3 	STACK: [119 3 ]
  DEBUG:root:  TICK: 1932 	IP:   47 	CR: OUT  	AR:   46 	DR: OUT  	BR:    3 	STACK: [119 3 ]
  DEBUG:root:  TICK: 1937 	IP:   48 	CR: POP  	AR:   47 	DR: POP  	BR:    3 	STACK: [3 ]
  DEBUG:root:  TICK: 1942 	IP:   49 	CR: POP  	AR:   48 	DR: POP  	BR:    3 	STACK: [3 ]
  DEBUG:root:  TICK: 1952 	IP:   38 	CR: JUMP38 	AR:   38 	DR: INC  	BR:    3 	STACK: [3 ]
  DEBUG:root:  TICK: 1958 	IP:   39 	CR: INC  	AR:   38 	DR: INC  	BR:    3 	STACK: [4 ]
  DEBUG:root:  TICK: 1969 	IP:   40 	CR: LD63 	AR:   63 	DR:   11 	BR:    3 	STACK: [11 ]
  DEBUG:root:  TICK: 1976 	IP:   41 	CR: SWAP 	AR:   40 	DR: SWAP 	BR:    4 	STACK: [4 ]
  DEBUG:root:  TICK: 1983 	IP:   43 	CR: BLT  	AR:   41 	DR: BLT  	BR:    4 	STACK: [4 ]
  DEBUG:root:  TICK: 1988 	IP:   44 	CR: DUP  	AR:   43 	DR: DUP  	BR:    4 	STACK: [4 ]
  DEBUG:root:  TICK: 2005 	IP:   45 	CR: LD54 	AR:   67 	DR:   97 	BR:    4 	STACK: [97 4 ]
  DEBUG:root:  TICK: 2016 	IP:   46 	CR: ST0  	AR:    0 	DR:   97 	BR:    4 	STACK: [97 4 ]
  DEBUG:root:  TICK: 2021 	IP:   47 	CR: OUT  	AR:   46 	DR: OUT  	BR:    4 	STACK: [97 4 ]
  DEBUG:root:  TICK: 2026 	IP:   48 	CR: POP  	AR:   47 	DR: POP  	BR:    4 	STACK: [4 ]
  DEBUG:root:  TICK: 2031 	IP:   49 	CR: POP  	AR:   48 	DR: POP  	BR:    4 	STACK: [4 ]
  DEBUG:root:  TICK: 2041 	IP:   38 	CR: JUMP38 	AR:   38 	DR: INC  	BR:    4 	STACK: [4 ]
  DEBUG:root:  TICK: 2047 	IP:   39 	CR: INC  	AR:   38 	DR: INC  	BR:    4 	STACK: [5 ]
  DEBUG:root:  TICK: 2058 	IP:   40 	CR: LD63 	AR:   63 	DR:   11 	BR:    4 	STACK: [11 ]
  DEBUG:root:  TICK: 2065 	IP:   41 	CR: SWAP 	AR:   40 	DR: SWAP 	BR:    5 	STACK: [5 ]
  DEBUG:root:  TICK: 2072 	IP:   43 	CR: BLT  	AR:   41 	DR: BLT  	BR:    5 	STACK: [5 ]
  DEBUG:root:  TICK: 2077 	IP:   44 	CR: DUP  	AR:   43 	DR: DUP  	BR:    5 	STACK: [5 ]
  DEBUG:root:  TICK: 2094 	IP:   45 	CR: LD54 	AR:   68 	DR:  110 	BR:    5 	STACK: [110 5 ]
  DEBUG:root:  TICK: 2105 	IP:   46 	CR: ST0  	AR:    0 	DR:  110 	BR:    5 	STACK: [110 5 ]
  DEBUG:root:  TICK: 2110 	IP:   47 	CR: OUT  	AR:   46 	DR: OUT  	BR:    5 	STACK: [110 5 ]
  DEBUG:root:  TICK: 2115 	IP:   48 	CR: POP  	AR:   47 	DR: POP  	BR:    5 	STACK: [5 ]
  DEBUG:root:  TICK: 2120 	IP:   49 	CR: POP  	AR:   48 	DR: POP  	BR:    5 	STACK: [5 ]
  DEBUG:root:  TICK: 2130 	IP:   38 	CR: JUMP38 	AR:   38 	DR: INC  	BR:    5 	STACK: [5 ]
  DEBUG:root:  TICK: 2136 	IP:   39 	CR: INC  	AR:   38 	DR: INC  	BR:    5 	STACK: [6 ]
  DEBUG:root:  TICK: 2147 	IP:   40 	CR: LD63 	AR:   63 	DR:   11 	BR:    5 	STACK: [11 ]
  DEBUG:root:  TICK: 2154 	IP:   41 	CR: SWAP 	AR:   40 	DR: SWAP 	BR:    6 	STACK: [6 ]
  DEBUG:root:  TICK: 2161 	IP:   43 	CR: BLT  	AR:   41 	DR: BLT  	BR:    6 	STACK: [6 ]
  DEBUG:root:  TICK: 2166 	IP:   44 	CR: DUP  	AR:   43 	DR: DUP  	BR:    6 	STACK: [6 ]
  DEBUG:root:  TICK: 2183 	IP:   45 	CR: LD54 	AR:   69 	DR:  110 	BR:    6 	STACK: [110 6 ]
  DEBUG:root:  TICK: 2194 	IP:   46 	CR: ST0  	AR:    0 	DR:  110 	BR:    6 	STACK: [110 6 ]
  DEBUG:root:  TICK: 2199 	IP:   47 	CR: OUT  	AR:   46 	DR: OUT  	BR:    6 	STACK: [110 6 ]
  DEBUG:root:  TICK: 2204 	IP:   48 	CR: POP  	AR:   47 	DR: POP  	BR:    6 	STACK: [6 ]
  DEBUG:root:  TICK: 2209 	IP:   49 	CR: POP  	AR:   48 	DR: POP  	BR:    6 	STACK: [6 ]
  DEBUG:root:  TICK: 2219 	IP:   38 	CR: JUMP38 	AR:   38 	DR: INC  	BR:    6 	STACK: [6 ]
  DEBUG:root:  TICK: 2225 	IP:   39 	CR: INC  	AR:   38 	DR: INC  	BR:    6 	STACK: [7 ]
  DEBUG:root:  TICK: 2236 	IP:   40 	CR: LD63 	AR:   63 	DR:   11 	BR:    6 	STACK: [11 ]
  DEBUG:root:  TICK: 2243 	IP:   41 	CR: SWAP 	AR:   40 	DR: SWAP 	BR:    7 	STACK: [7 ]
  DEBUG:root:  TICK: 2250 	IP:   43 	CR: BLT  	AR:   41 	DR: BLT  	BR:    7 	STACK: [7 ]
  DEBUG:root:  TICK: 2255 	IP:   44 	CR: DUP  	AR:   43 	DR: DUP  	BR:    7 	STACK: [7 ]
  DEBUG:root:  TICK: 2272 	IP:   45 	CR: LD54 	AR:   70 	DR:   97 	BR:    7 	STACK: [97 7 ]
  DEBUG:root:  TICK: 2283 	IP:   46 	CR: ST0  	AR:    0 	DR:   97 	BR:    7 	STACK: [97 7 ]
  DEBUG:root:  TICK: 2288 	IP:   47 	CR: OUT  	AR:   46 	DR: OUT  	BR:    7 	STACK: [97 7 ]
  DEBUG:root:  TICK: 2293 	IP:   48 	CR: POP  	AR:   47 	DR: POP  	BR:    7 	STACK: [7 ]
  DEBUG:root:  TICK: 2298 	IP:   49 	CR: POP  	AR:   48 	DR: POP  	BR:    7 	STACK: [7 ]
  DEBUG:root:  TICK: 2308 	IP:   38 	CR: JUMP38 	AR:   38 	DR: INC  	BR:    7 	STACK: [7 ]
  DEBUG:root:  TICK: 2314 	IP:   39 	CR: INC  	AR:   38 	DR: INC  	BR:    7 	STACK: [8 ]
  DEBUG:root:  TICK: 2325 	IP:   40 	CR: LD63 	AR:   63 	DR:   11 	BR:    7 	STACK: [11 ]
  DEBUG:root:  TICK: 2332 	IP:   41 	CR: SWAP 	AR:   40 	DR: SWAP 	BR:    8 	STACK: [8 ]
  DEBUG:root:  TICK: 2339 	IP:   43 	CR: BLT  	AR:   41 	DR: BLT  	BR:    8 	STACK: [8 ]
  DEBUG:root:  TICK: 2344 	IP:   44 	CR: DUP  	AR:   43 	DR: DUP  	BR:    8 	STACK: [8 ]
  DEBUG:root:  TICK: 2361 	IP:   45 	CR: LD54 	AR:   71 	DR:   32 	BR:    8 	STACK: [32 8 ]
  DEBUG:root:  TICK: 2372 	IP:   46 	CR: ST0  	AR:    0 	DR:   32 	BR:    8 	STACK: [32 8 ]
  DEBUG:root:  TICK: 2377 	IP:   47 	CR: OUT  	AR:   46 	DR: OUT  	BR:    8 	STACK: [32 8 ]
  DEBUG:root:  TICK: 2382 	IP:   48 	CR: POP  	AR:   47 	DR: POP  	BR:    8 	STACK: [8 ]
  DEBUG:root:  TICK: 2387 	IP:   49 	CR: POP  	AR:   48 	DR: POP  	BR:    8 	STACK: [8 ]
  DEBUG:root:  TICK: 2397 	IP:   38 	CR: JUMP38 	AR:   38 	DR: INC  	BR:    8 	STACK: [8 ]
  DEBUG:root:  TICK: 2403 	IP:   39 	CR: INC  	AR:   38 	DR: INC  	BR:    8 	STACK: [9 ]
  DEBUG:root:  TICK: 2414 	IP:   40 	CR: LD63 	AR:   63 	DR:   11 	BR:    8 	STACK: [11 ]
  DEBUG:root:  TICK: 2421 	IP:   41 	CR: SWAP 	AR:   40 	DR: SWAP 	BR:    9 	STACK: [9 ]
  DEBUG:root:  TICK: 2428 	IP:   43 	CR: BLT  	AR:   41 	DR: BLT  	BR:    9 	STACK: [9 ]
  DEBUG:root:  TICK: 2433 	IP:   44 	CR: DUP  	AR:   43 	DR: DUP  	BR:    9 	STACK: [9 ]
  DEBUG:root:  TICK: 2450 	IP:   45 	CR: LD54 	AR:   72 	DR:  100 	BR:    9 	STACK: [100 9 ]
  DEBUG:root:  TICK: 2461 	IP:   46 	CR: ST0  	AR:    0 	DR:  100 	BR:    9 	STACK: [100 9 ]
  DEBUG:root:  TICK: 2466 	IP:   47 	CR: OUT  	AR:   46 	DR: OUT  	BR:    9 	STACK: [100 9 ]
  DEBUG:root:  TICK: 2471 	IP:   48 	CR: POP  	AR:   47 	DR: POP  	BR:    9 	STACK: [9 ]
  DEBUG:root:  TICK: 2476 	IP:   49 	CR: POP  	AR:   48 	DR: POP  	BR:    9 	STACK: [9 ]
  DEBUG:root:  TICK: 2486 	IP:   38 	CR: JUMP38 	AR:   38 	DR: INC  	BR:    9 	STACK: [9 ]
  DEBUG:root:  TICK: 2492 	IP:   39 	CR: INC  	AR:   38 	DR: INC  	BR:    9 	STACK: [10 ]
  DEBUG:root:  TICK: 2503 	IP:   40 	CR: LD63 	AR:   63 	DR:   11 	BR:    9 	STACK: [11 ]
  DEBUG:root:  TICK: 2510 	IP:   41 	CR: SWAP 	AR:   40 	DR: SWAP 	BR:   10 	STACK: [10 ]
  DEBUG:root:  TICK: 2517 	IP:   43 	CR: BLT  	AR:   41 	DR: BLT  	BR:   10 	STACK: [10 ]
  DEBUG:root:  TICK: 2522 	IP:   44 	CR: DUP  	AR:   43 	DR: DUP  	BR:   10 	STACK: [10 ]
  DEBUG:root:  TICK: 2539 	IP:   45 	CR: LD54 	AR:   73 	DR:  105 	BR:   10 	STACK: [105 10 ]
  DEBUG:root:  TICK: 2550 	IP:   46 	CR: ST0  	AR:    0 	DR:  105 	BR:   10 	STACK: [105 10 ]
  DEBUG:root:  TICK: 2555 	IP:   47 	CR: OUT  	AR:   46 	DR: OUT  	BR:   10 	STACK: [105 10 ]
  DEBUG:root:  TICK: 2560 	IP:   48 	CR: POP  	AR:   47 	DR: POP  	BR:   10 	STACK: [10 ]
  DEBUG:root:  TICK: 2565 	IP:   49 	CR: POP  	AR:   48 	DR: POP  	BR:   10 	STACK: [10 ]
  DEBUG:root:  TICK: 2575 	IP:   38 	CR: JUMP38 	AR:   38 	DR: INC  	BR:   10 	STACK: [10 ]
  DEBUG:root:  TICK: 2581 	IP:   39 	CR: INC  	AR:   38 	DR: INC  	BR:   10 	STACK: [11 ]
  DEBUG:root:  TICK: 2592 	IP:   40 	CR: LD63 	AR:   63 	DR:   11 	BR:   10 	STACK: [11 ]
  DEBUG:root:  TICK: 2599 	IP:   41 	CR: SWAP 	AR:   40 	DR: SWAP 	BR:   11 	STACK: [11 ]
  DEBUG:root:  TICK: 2606 	IP:   43 	CR: BLT  	AR:   41 	DR: BLT  	BR:   11 	STACK: [11 ]
  DEBUG:root:  TICK: 2611 	IP:   44 	CR: DUP  	AR:   43 	DR: DUP  	BR:   11 	STACK: [11 ]
  DEBUG:root:  TICK: 2628 	IP:   45 	CR: LD54 	AR:   74 	DR:  101 	BR:   11 	STACK: [101 11 ]
  DEBUG:root:  TICK: 2639 	IP:   46 	CR: ST0  	AR:    0 	DR:  101 	BR:   11 	STACK: [101 11 ]
  DEBUG:root:  TICK: 2644 	IP:   47 	CR: OUT  	AR:   46 	DR: OUT  	BR:   11 	STACK: [101 11 ]
  DEBUG:root:  TICK: 2649 	IP:   48 	CR: POP  	AR:   47 	DR: POP  	BR:   11 	STACK: [11 ]
  DEBUG:root:  TICK: 2654 	IP:   49 	CR: POP  	AR:   48 	DR: POP  	BR:   11 	STACK: [11 ]
  DEBUG:root:  TICK: 2664 	IP:   38 	CR: JUMP38 	AR:   38 	DR: INC  	BR:   11 	STACK: [11 ]
  DEBUG:root:  TICK: 2670 	IP:   39 	CR: INC  	AR:   38 	DR: INC  	BR:   11 	STACK: [12 ]
  DEBUG:root:  TICK: 2681 	IP:   40 	CR: LD63 	AR:   63 	DR:   11 	BR:   11 	STACK: [11 ]
  DEBUG:root:  TICK: 2688 	IP:   41 	CR: SWAP 	AR:   40 	DR: SWAP 	BR:   12 	STACK: [12 ]
  DEBUG:root:  TICK: 2694 	IP:   42 	CR: BLT  	AR:   41 	DR: BLT  	BR:   12 	STACK: [12 ]
  DEBUG:root:  TICK: 2704 	IP:   50 	CR: JUMP50 	AR:   50 	DR: LD33 	BR:   12 	STACK: [12 ]
  DEBUG:root:  TICK: 2711 	IP:   51 	CR: LD33 	AR:   50 	DR:   33 	BR:   12 	STACK: [33 ]
  DEBUG:root:  TICK: 2722 	IP:   52 	CR: ST0  	AR:    0 	DR:   33 	BR:   12 	STACK: [33 ]
  DEBUG:root:  TICK: 2727 	IP:   53 	CR: OUT  	AR:   52 	DR: OUT  	BR:   12 	STACK: [33 ]
